this is a cherry-pick test
this is a rebase test
